TAIWAN BAND DATA ANALYSIS REPORT
============================
Total Number of Members: 24
----------------------------
List of Even-Member Bands:
- Amazing Show
- No Party For Cao Dong
- Mango Jump
- icyball
----------------------------
Largest Band: Your Woman Sleep With Others, with 5 members
----------------------------
Average Number of Members: 4.0
============================

